// Jest Snapshot v1, https://goo.gl/fbAQLP

exports[`Page Not Found  renders correctly 1`] = `
ShallowWrapper {
  Symbol(enzyme.__root__): [Circular],
  Symbol(enzyme.__unrendered__): <PageNotFound />,
  Symbol(enzyme.__renderer__): Object {
    "batchedUpdates": [Function],
    "getNode": [Function],
    "render": [Function],
    "simulateError": [Function],
    "simulateEvent": [Function],
    "unmount": [Function],
  },
  Symbol(enzyme.__node__): Object {
    "instance": null,
    "key": undefined,
    "nodeType": "host",
    "props": Object {
      "children": <div
        id="loginSquare"
      >
        <WithStyles(Typography)
          style={
            Object {
              "color": "white",
            }
          }
        >
          Page Not Found
        </WithStyles(Typography)>
      </div>,
      "className": "Img",
    },
    "ref": null,
    "rendered": Object {
      "instance": null,
      "key": undefined,
      "nodeType": "host",
      "props": Object {
        "children": <WithStyles(Typography)
          style={
            Object {
              "color": "white",
            }
          }
        >
          Page Not Found
        </WithStyles(Typography)>,
        "id": "loginSquare",
      },
      "ref": null,
      "rendered": Object {
        "instance": null,
        "key": undefined,
        "nodeType": "class",
        "props": Object {
          "children": "Page Not Found",
          "style": Object {
            "color": "white",
          },
        },
        "ref": null,
        "rendered": "Page Not Found",
        "type": [Function],
      },
      "type": "div",
    },
    "type": "div",
  },
  Symbol(enzyme.__nodes__): Array [
    Object {
      "instance": null,
      "key": undefined,
      "nodeType": "host",
      "props": Object {
        "children": <div
          id="loginSquare"
        >
          <WithStyles(Typography)
            style={
              Object {
                "color": "white",
              }
            }
          >
            Page Not Found
          </WithStyles(Typography)>
        </div>,
        "className": "Img",
      },
      "ref": null,
      "rendered": Object {
        "instance": null,
        "key": undefined,
        "nodeType": "host",
        "props": Object {
          "children": <WithStyles(Typography)
            style={
              Object {
                "color": "white",
              }
            }
          >
            Page Not Found
          </WithStyles(Typography)>,
          "id": "loginSquare",
        },
        "ref": null,
        "rendered": Object {
          "instance": null,
          "key": undefined,
          "nodeType": "class",
          "props": Object {
            "children": "Page Not Found",
            "style": Object {
              "color": "white",
            },
          },
          "ref": null,
          "rendered": "Page Not Found",
          "type": [Function],
        },
        "type": "div",
      },
      "type": "div",
    },
  ],
  Symbol(enzyme.__options__): Object {
    "adapter": ReactSixteenAdapter {
      "options": Object {
        "enableComponentDidUpdateOnSetState": true,
        "lifecycles": Object {
          "componentDidUpdate": Object {
            "onSetState": true,
          },
          "getDerivedStateFromProps": true,
          "getSnapshotBeforeUpdate": true,
          "setState": Object {
            "skipsComponentDidUpdateOnNullish": true,
          },
        },
      },
    },
  },
}
`;
