// Jest Snapshot v1, https://goo.gl/fbAQLP

exports[`CardSlide test component renders correctly 1`] = `
ShallowWrapper {
  Symbol(enzyme.__root__): [Circular],
  Symbol(enzyme.__unrendered__): <CardSlide
    height={250}
    images={
      Array [
        "https://images.pexels.com/photos/106399/pexels-photo-106399.jpeg?auto=compress&cs=tinysrgb&h=350",
        "https://www.control4.com/files/large/e949244caec63b0c7d8c5edd86b8ee95.jpeg",
      ]
    }
    width={250}
  />,
  Symbol(enzyme.__renderer__): Object {
    "batchedUpdates": [Function],
    "getNode": [Function],
    "render": [Function],
    "simulateError": [Function],
    "simulateEvent": [Function],
    "unmount": [Function],
  },
  Symbol(enzyme.__node__): Object {
    "instance": null,
    "key": undefined,
    "nodeType": "host",
    "props": Object {
      "children": <Carousel
        autoPlay={false}
        axis="horizontal"
        centerMode={false}
        centerSlidePercentage={80}
        dynamicHeight={true}
        emulateTouch={false}
        infiniteLoop={true}
        interval={3000}
        onChange={[Function]}
        onClickItem={[Function]}
        onClickThumb={[Function]}
        selectedItem={0}
        showArrows={true}
        showIndicators={true}
        showStatus={true}
        showThumbs={false}
        statusFormatter={[Function]}
        stopOnHover={true}
        swipeScrollTolerance={5}
        swipeable={true}
        transitionTime={350}
        useKeyboardArrows={false}
        verticalSwipe="standard"
        width="100%"
      />,
    },
    "ref": null,
    "rendered": Object {
      "instance": null,
      "key": undefined,
      "nodeType": "class",
      "props": Object {
        "autoPlay": false,
        "axis": "horizontal",
        "centerMode": false,
        "centerSlidePercentage": 80,
        "children": Array [],
        "dynamicHeight": true,
        "emulateTouch": false,
        "infiniteLoop": true,
        "interval": 3000,
        "onChange": [Function],
        "onClickItem": [Function],
        "onClickThumb": [Function],
        "selectedItem": 0,
        "showArrows": true,
        "showIndicators": true,
        "showStatus": true,
        "showThumbs": false,
        "statusFormatter": [Function],
        "stopOnHover": true,
        "swipeScrollTolerance": 5,
        "swipeable": true,
        "transitionTime": 350,
        "useKeyboardArrows": false,
        "verticalSwipe": "standard",
        "width": "100%",
      },
      "ref": null,
      "rendered": Array [],
      "type": [Function],
    },
    "type": "div",
  },
  Symbol(enzyme.__nodes__): Array [
    Object {
      "instance": null,
      "key": undefined,
      "nodeType": "host",
      "props": Object {
        "children": <Carousel
          autoPlay={false}
          axis="horizontal"
          centerMode={false}
          centerSlidePercentage={80}
          dynamicHeight={true}
          emulateTouch={false}
          infiniteLoop={true}
          interval={3000}
          onChange={[Function]}
          onClickItem={[Function]}
          onClickThumb={[Function]}
          selectedItem={0}
          showArrows={true}
          showIndicators={true}
          showStatus={true}
          showThumbs={false}
          statusFormatter={[Function]}
          stopOnHover={true}
          swipeScrollTolerance={5}
          swipeable={true}
          transitionTime={350}
          useKeyboardArrows={false}
          verticalSwipe="standard"
          width="100%"
        />,
      },
      "ref": null,
      "rendered": Object {
        "instance": null,
        "key": undefined,
        "nodeType": "class",
        "props": Object {
          "autoPlay": false,
          "axis": "horizontal",
          "centerMode": false,
          "centerSlidePercentage": 80,
          "children": Array [],
          "dynamicHeight": true,
          "emulateTouch": false,
          "infiniteLoop": true,
          "interval": 3000,
          "onChange": [Function],
          "onClickItem": [Function],
          "onClickThumb": [Function],
          "selectedItem": 0,
          "showArrows": true,
          "showIndicators": true,
          "showStatus": true,
          "showThumbs": false,
          "statusFormatter": [Function],
          "stopOnHover": true,
          "swipeScrollTolerance": 5,
          "swipeable": true,
          "transitionTime": 350,
          "useKeyboardArrows": false,
          "verticalSwipe": "standard",
          "width": "100%",
        },
        "ref": null,
        "rendered": Array [],
        "type": [Function],
      },
      "type": "div",
    },
  ],
  Symbol(enzyme.__options__): Object {
    "adapter": ReactSixteenAdapter {
      "options": Object {
        "enableComponentDidUpdateOnSetState": true,
        "lifecycles": Object {
          "componentDidUpdate": Object {
            "onSetState": true,
          },
          "getDerivedStateFromProps": true,
          "getSnapshotBeforeUpdate": true,
          "setState": Object {
            "skipsComponentDidUpdateOnNullish": true,
          },
        },
      },
    },
  },
}
`;
