// Jest Snapshot v1, https://goo.gl/fbAQLP

exports[`AppBar Component JobCard renders correctly 1`] = `
ShallowWrapper {
  Symbol(enzyme.__root__): [Circular],
  Symbol(enzyme.__unrendered__): <WithStyles(ImgMediaCard)
    image="https://upload.wikimedia.org/wikipedia/commons/2/25/Houses_on_Garfield_Place,_Poughkeepsie,_NY.jpg"
  />,
  Symbol(enzyme.__renderer__): Object {
    "batchedUpdates": [Function],
    "getNode": [Function],
    "render": [Function],
    "simulateError": [Function],
    "simulateEvent": [Function],
    "unmount": [Function],
  },
  Symbol(enzyme.__node__): Object {
    "instance": null,
    "key": undefined,
    "nodeType": "class",
    "props": Object {
      "classes": Object {
        "card": "ImgMediaCard-card-1",
        "media": "ImgMediaCard-media-2",
      },
      "image": "https://upload.wikimedia.org/wikipedia/commons/2/25/Houses_on_Garfield_Place,_Poughkeepsie,_NY.jpg",
    },
    "ref": null,
    "rendered": null,
    "type": [Function],
  },
  Symbol(enzyme.__nodes__): Array [
    Object {
      "instance": null,
      "key": undefined,
      "nodeType": "class",
      "props": Object {
        "classes": Object {
          "card": "ImgMediaCard-card-1",
          "media": "ImgMediaCard-media-2",
        },
        "image": "https://upload.wikimedia.org/wikipedia/commons/2/25/Houses_on_Garfield_Place,_Poughkeepsie,_NY.jpg",
      },
      "ref": null,
      "rendered": null,
      "type": [Function],
    },
  ],
  Symbol(enzyme.__options__): Object {
    "adapter": ReactSixteenAdapter {
      "options": Object {
        "enableComponentDidUpdateOnSetState": true,
        "lifecycles": Object {
          "componentDidUpdate": Object {
            "onSetState": true,
          },
          "getDerivedStateFromProps": true,
          "getSnapshotBeforeUpdate": true,
          "setState": Object {
            "skipsComponentDidUpdateOnNullish": true,
          },
        },
      },
    },
  },
}
`;
