// Jest Snapshot v1, https://goo.gl/fbAQLP

exports[`TextField component renders properly renders with a label passed in 1`] = `
ShallowWrapper {
  Symbol(enzyme.__root__): [Circular],
  Symbol(enzyme.__unrendered__): <TextField
    label="email"
  />,
  Symbol(enzyme.__renderer__): Object {
    "batchedUpdates": [Function],
    "getNode": [Function],
    "render": [Function],
    "simulateError": [Function],
    "simulateEvent": [Function],
    "unmount": [Function],
  },
  Symbol(enzyme.__node__): Object {
    "instance": null,
    "key": undefined,
    "nodeType": "host",
    "props": Object {
      "children": <form
        id="textField"
      >
        <TextField
          id="fieldStyle"
          label="email"
          name="email"
          required={false}
          select={false}
          type="email"
          variant="standard"
        />
      </form>,
    },
    "ref": null,
    "rendered": Object {
      "instance": null,
      "key": undefined,
      "nodeType": "host",
      "props": Object {
        "children": <TextField
          id="fieldStyle"
          label="email"
          name="email"
          required={false}
          select={false}
          type="email"
          variant="standard"
        />,
        "id": "textField",
      },
      "ref": null,
      "rendered": Object {
        "instance": null,
        "key": undefined,
        "nodeType": "class",
        "props": Object {
          "id": "fieldStyle",
          "label": "email",
          "name": "email",
          "required": false,
          "select": false,
          "type": "email",
          "variant": "standard",
        },
        "ref": null,
        "rendered": null,
        "type": [Function],
      },
      "type": "form",
    },
    "type": "div",
  },
  Symbol(enzyme.__nodes__): Array [
    Object {
      "instance": null,
      "key": undefined,
      "nodeType": "host",
      "props": Object {
        "children": <form
          id="textField"
        >
          <TextField
            id="fieldStyle"
            label="email"
            name="email"
            required={false}
            select={false}
            type="email"
            variant="standard"
          />
        </form>,
      },
      "ref": null,
      "rendered": Object {
        "instance": null,
        "key": undefined,
        "nodeType": "host",
        "props": Object {
          "children": <TextField
            id="fieldStyle"
            label="email"
            name="email"
            required={false}
            select={false}
            type="email"
            variant="standard"
          />,
          "id": "textField",
        },
        "ref": null,
        "rendered": Object {
          "instance": null,
          "key": undefined,
          "nodeType": "class",
          "props": Object {
            "id": "fieldStyle",
            "label": "email",
            "name": "email",
            "required": false,
            "select": false,
            "type": "email",
            "variant": "standard",
          },
          "ref": null,
          "rendered": null,
          "type": [Function],
        },
        "type": "form",
      },
      "type": "div",
    },
  ],
  Symbol(enzyme.__options__): Object {
    "adapter": ReactSixteenAdapter {
      "options": Object {
        "enableComponentDidUpdateOnSetState": true,
        "lifecycles": Object {
          "componentDidUpdate": Object {
            "onSetState": true,
          },
          "getDerivedStateFromProps": true,
          "getSnapshotBeforeUpdate": true,
          "setState": Object {
            "skipsComponentDidUpdateOnNullish": true,
          },
        },
      },
    },
  },
}
`;
